// Jest Snapshot v1, https://goo.gl/fbAQLP

exports[`matches snapshot for adopted dogs 1`] = `
<div
  class="card"
>
  <div>
     
    Charmander
  </div>
  <img
    alt="no img found"
    src="https://raw.githubusercontent.com/PokeAPI/sprites/master/sprites/pokemon/4.png"
  />
  <div>
    fire
  </div>
</div>
`;
